// Jest Snapshot v1, https://goo.gl/fbAQLP

exports[`renders correctly 1`] = `
<View
  style={
    Object {
      "flex": 1,
    }
  }
>
  <ScrollViewMock
    refreshControl={
      <RefreshControlMock
        onRefresh={[Function]}
        refreshing={false}
      />
    }
    showsVerticalScrollIndicator={false}
    style={
      Object {
        "height": 1334,
      }
    }
  >
    <View
      style={
        Object {
          "height": 32,
        }
      }
    />
    <BalanceViewContainer
      balance="123.123"
    />
    <Connect(TransactionViewContainer)
      isLoading={false}
    />
    <View
      style={
        Object {
          "height": 400.2,
        }
      }
    />
  </ScrollViewMock>
</View>
`;
