// Jest Snapshot v1, https://goo.gl/fbAQLP

exports[`renders correctly 1`] = `
<View
  style={
    Object {
      "height": 1334,
      "justifyContent": "flex-end",
    }
  }
>
  <View
    style={
      Object {
        "flex": 1,
      }
    }
  >
    <Connect(WalletFantomScreen)
      balance="123.123"
      isLoading={false}
      onRefresh={[Function]}
    />
  </View>
</View>
`;
