// Jest Snapshot v1, https://goo.gl/fbAQLP

exports[`renders correctly 1`] = `
<TouchableOpacity
  activeOpacity={0.2}
  onPress={[Function]}
  style={
    Object {
      "alignItems": "center",
      "backgroundColor": "white",
      "borderBottomColor": undefined,
      "borderBottomWidth": 3,
      "flex": 1,
      "height": 44,
      "justifyContent": "center",
    }
  }
>
  <Text
    style={
      Object {
        "fontSize": 16,
        "fontWeight": "normal",
      }
    }
  >
    text
  </Text>
</TouchableOpacity>
`;
